// Jest Snapshot v1, https://goo.gl/fbAQLP

exports["first line code test 1"] = `
Array [
  16,
]
`;

exports["simple code test 1"] = `
Array [
  14,
  36,
  59,
  60,
  94,
  134,
  135,
  193,
  235,
  272,
  273,
  274,
  291,
  312,
  313,
  314,
  326,
  335,
  352,
  398,
  416,
  436,
  468,
  489,
  519,
  564,
  565,
  566,
  593,
  604,
]
`;

exports["weird name test 1"] = `
Array [
  16,
]
`;
