// Jest Snapshot v1, https://goo.gl/fbAQLP

exports[`testing server should create new trace object 1`] = `
Object {
  "data": Object {
    "newTrace": Object {
      "function": "func",
      "module": "mod",
      "statement": "statement",
    },
  },
  "errors": undefined,
  "extensions": undefined,
  "http": Object {
    "headers": Headers {
      Symbol(map): Object {},
    },
  },
}
`;
